/home/local/eda-s01/hanqing/tools/miniforge3/envs/luck168/lib/python3.12/site-packages/transformers/utils/hub.py:110: FutureWarning: Using `TRANSFORMERS_CACHE` is deprecated and will be removed in v5 of Transformers. Use `HF_HOME` instead.
  warnings.warn(
/home/local/eda-s01/hanqing/tools/miniforge3/envs/luck168/lib/python3.12/site-packages/transformers/models/auto/modeling_auto.py:2284: FutureWarning: The class `AutoModelForVision2Seq` is deprecated and will be removed in v5.0. Please use `AutoModelForImageTextToText` instead.
  warnings.warn(
Loading models... (This may take a moment)
Loading checkpoint shards:   0%|          | 0/2 [00:00<?, ?it/s]Loading checkpoint shards: 100%|██████████| 2/2 [00:00<00:00, 23.28it/s]
Loaded Model 0 (Base)
Loading checkpoint shards:   0%|          | 0/2 [00:00<?, ?it/s]Loading checkpoint shards: 100%|██████████| 2/2 [00:00<00:00, 23.16it/s]
Loaded Model 1 (Stage 1)
Loading checkpoint shards:   0%|          | 0/2 [00:00<?, ?it/s]Loading checkpoint shards: 100%|██████████| 2/2 [00:00<00:00, 22.80it/s]
Loaded Model 2 (Stage 2)

Analyzing Layer 10 | Module: self_attn.q_proj
Qwen2_5_VLForConditionalGeneration(
  (model): Qwen2_5_VLModel(
    (visual): Qwen2_5_VisionTransformerPretrainedModel(
      (patch_embed): Qwen2_5_VisionPatchEmbed(
        (proj): Conv3d(3, 1280, kernel_size=(2, 14, 14), stride=(2, 14, 14), bias=False)
      )
      (rotary_pos_emb): Qwen2_5_VisionRotaryEmbedding()
      (blocks): ModuleList(
        (0-31): 32 x Qwen2_5_VLVisionBlock(
          (norm1): Qwen2RMSNorm((1280,), eps=1e-06)
          (norm2): Qwen2RMSNorm((1280,), eps=1e-06)
          (attn): Qwen2_5_VLVisionAttention(
            (qkv): Linear(in_features=1280, out_features=3840, bias=True)
            (proj): Linear(in_features=1280, out_features=1280, bias=True)
          )
          (mlp): Qwen2_5_VLMLP(
            (gate_proj): Linear(in_features=1280, out_features=3420, bias=True)
            (up_proj): Linear(in_features=1280, out_features=3420, bias=True)
            (down_proj): Linear(in_features=3420, out_features=1280, bias=True)
            (act_fn): SiLUActivation()
          )
        )
      )
      (merger): Qwen2_5_VLPatchMerger(
        (ln_q): Qwen2RMSNorm((1280,), eps=1e-06)
        (mlp): Sequential(
          (0): Linear(in_features=5120, out_features=5120, bias=True)
          (1): GELU(approximate='none')
          (2): Linear(in_features=5120, out_features=2048, bias=True)
        )
      )
    )
    (language_model): Qwen2_5_VLTextModel(
      (embed_tokens): Embedding(151936, 2048, padding_idx=151643)
      (layers): ModuleList(
        (0-35): 36 x Qwen2_5_VLDecoderLayer(
          (self_attn): Qwen2_5_VLAttention(
            (q_proj): Linear(in_features=2048, out_features=2048, bias=True)
            (k_proj): Linear(in_features=2048, out_features=256, bias=True)
            (v_proj): Linear(in_features=2048, out_features=256, bias=True)
            (o_proj): Linear(in_features=2048, out_features=2048, bias=False)
            (rotary_emb): Qwen2_5_VLRotaryEmbedding()
          )
          (mlp): Qwen2MLP(
            (gate_proj): Linear(in_features=2048, out_features=11008, bias=False)
            (up_proj): Linear(in_features=2048, out_features=11008, bias=False)
            (down_proj): Linear(in_features=11008, out_features=2048, bias=False)
            (act_fn): SiLUActivation()
          )
          (input_layernorm): Qwen2RMSNorm((2048,), eps=1e-06)
          (post_attention_layernorm): Qwen2RMSNorm((2048,), eps=1e-06)
        )
      )
      (norm): Qwen2RMSNorm((2048,), eps=1e-06)
      (rotary_emb): Qwen2_5_VLRotaryEmbedding()
    )
  )
  (lm_head): Linear(in_features=2048, out_features=151936, bias=False)
)
Computing SVD...
Spectrum Stability Check (Frobenius Rel. Error): 0.000076

--- Results ---
L (Output Rotation) Composition Frobenius Error: 8.330649e-05
L (Output Rotation) Composition MSE Error: 1.654637e-15
R (Input Rotation)  Composition Frobenius Error: 8.385238e-05
R (Input Rotation)  Composition MSE Error: 1.676391e-15
